
last_spmm_time: 200.058273 , last_cuda_sampling_time: 7.543198
Epoch 00099 | Loss 0.2127 | Accuracy 0.9217 | Time : 10.5128 | Loop_Time : 1.7795 | Model_Time : 8.7327 | x_y_time : 0.0060 | pred_time : 3.7274 | backward_time : 3.8182 | optim_time : 0.3687 
Sampling time: 177.6626, Model training time: 868.7495, Total time 1046.4739
Test Accuracy 0.9217
Data copied successfully!

last_spmm_time: 159.027847 , last_cuda_sampling_time: 5.941386
Epoch 00099 | Loss 0.2110 | Accuracy 0.9238 | Time : 6.7941 | Loop_Time : 0.9596 | Model_Time : 5.8341 | x_y_time : 0.0028 | pred_time : 2.5855 | backward_time : 2.4926 | optim_time : 0.1760 
Sampling time: 96.2731, Model training time: 584.2165, Total time 680.5218
Test Accuracy 0.9240
Data copied successfully!

last_spmm_time: 119.958275 , last_cuda_sampling_time: 4.524474
Epoch 00099 | Loss 0.2101 | Accuracy 0.9233 | Time : 4.5055 | Loop_Time : 0.5796 | Model_Time : 3.9257 | x_y_time : 0.0013 | pred_time : 1.7848 | backward_time : 1.6917 | optim_time : 0.0829 
Sampling time: 57.7729, Model training time: 392.8497, Total time 450.6420
Test Accuracy 0.9234
Data copied successfully!

last_spmm_time: 85.837509 , last_cuda_sampling_time: 3.300141
Epoch 00099 | Loss 0.2094 | Accuracy 0.9229 | Time : 2.9765 | Loop_Time : 0.3411 | Model_Time : 2.6353 | x_y_time : 0.0006 | pred_time : 1.2149 | backward_time : 1.1663 | optim_time : 0.0417 
Sampling time: 34.2020, Model training time: 263.6389, Total time 297.8536
Test Accuracy 0.9229
Data copied successfully!

last_spmm_time: 58.196018 , last_cuda_sampling_time: 2.326015
Epoch 00099 | Loss 0.2108 | Accuracy 0.9217 | Time : 1.9363 | Loop_Time : 0.2219 | Model_Time : 1.7143 | x_y_time : 0.0003 | pred_time : 0.8020 | backward_time : 0.7734 | optim_time : 0.0204 
Sampling time: 22.2211, Model training time: 172.0248, Total time 194.2547
Test Accuracy 0.9217
Data copied successfully!

last_spmm_time: 38.514042 , last_cuda_sampling_time: 1.604445
Epoch 00099 | Loss 0.2128 | Accuracy 0.9233 | Time : 1.2509 | Loop_Time : 0.1397 | Model_Time : 1.1111 | x_y_time : 0.0002 | pred_time : 0.5236 | backward_time : 0.5110 | optim_time : 0.0106 
Sampling time: 14.0434, Model training time: 111.7903, Total time 125.8412
Test Accuracy 0.9234
Data copied successfully!

last_spmm_time: 24.051521 , last_cuda_sampling_time: 1.053679
Epoch 00099 | Loss 0.2187 | Accuracy 0.9209 | Time : 0.7863 | Loop_Time : 0.0853 | Model_Time : 0.7009 | x_y_time : 0.0001 | pred_time : 0.3256 | backward_time : 0.3359 | optim_time : 0.0054 
Sampling time: 8.5600, Model training time: 70.7597, Total time 79.3261
Test Accuracy 0.9209
Data copied successfully!

last_spmm_time: 130.961792 , last_cuda_sampling_time: 5.726544
Epoch 00099 | Loss 0.2142 | Accuracy 0.9212 | Time : 8.6649 | Loop_Time : 1.7123 | Model_Time : 6.9519 | x_y_time : 0.0066 | pred_time : 2.8786 | backward_time : 3.1662 | optim_time : 0.4018 
Sampling time: 168.9856, Model training time: 691.9556, Total time 861.0009
Test Accuracy 0.9212
Data copied successfully!

last_spmm_time: 107.234062 , last_cuda_sampling_time: 4.552876
Epoch 00099 | Loss 0.2113 | Accuracy 0.9216 | Time : 5.4959 | Loop_Time : 0.8844 | Model_Time : 4.6112 | x_y_time : 0.0029 | pred_time : 2.0004 | backward_time : 2.0063 | optim_time : 0.1823 
Sampling time: 89.9989, Model training time: 464.2901, Total time 554.3213
Test Accuracy 0.9216
Data copied successfully!

last_spmm_time: 83.987640 , last_cuda_sampling_time: 3.570602
Epoch 00099 | Loss 0.2093 | Accuracy 0.9232 | Time : 3.6328 | Loop_Time : 0.4885 | Model_Time : 3.1441 | x_y_time : 0.0014 | pred_time : 1.4090 | backward_time : 1.3538 | optim_time : 0.0870 
Sampling time: 49.0438, Model training time: 314.9046, Total time 363.9673
Test Accuracy 0.9233
Data copied successfully!

last_spmm_time: 62.775776 , last_cuda_sampling_time: 2.703850
Epoch 00099 | Loss 0.2098 | Accuracy 0.9235 | Time : 2.4619 | Loop_Time : 0.2981 | Model_Time : 2.1637 | x_y_time : 0.0007 | pred_time : 0.9851 | backward_time : 0.9539 | optim_time : 0.0395 
Sampling time: 29.8878, Model training time: 215.4353, Total time 245.3351
Test Accuracy 0.9236
Data copied successfully!

last_spmm_time: 44.659649 , last_cuda_sampling_time: 1.966402
Epoch 00099 | Loss 0.2115 | Accuracy 0.9238 | Time : 1.6457 | Loop_Time : 0.1843 | Model_Time : 1.4613 | x_y_time : 0.0003 | pred_time : 0.6742 | backward_time : 0.6605 | optim_time : 0.0200 
Sampling time: 18.4979, Model training time: 146.6398, Total time 165.1464
Test Accuracy 0.9240
Data copied successfully!

last_spmm_time: 30.805779 , last_cuda_sampling_time: 1.412703
Epoch 00099 | Loss 0.2138 | Accuracy 0.9230 | Time : 1.0927 | Loop_Time : 0.1227 | Model_Time : 0.9700 | x_y_time : 0.0002 | pred_time : 0.4546 | backward_time : 0.4436 | optim_time : 0.0104 
Sampling time: 12.3445, Model training time: 97.7434, Total time 110.0950
Test Accuracy 0.9232
Data copied successfully!

last_spmm_time: 20.009663 , last_cuda_sampling_time: 0.961506
Epoch 00099 | Loss 0.2193 | Accuracy 0.9211 | Time : 0.7099 | Loop_Time : 0.0780 | Model_Time : 0.6318 | x_y_time : 0.0001 | pred_time : 0.2925 | backward_time : 0.3013 | optim_time : 0.0057 
Sampling time: 7.8028, Model training time: 63.8440, Total time 71.6534
Test Accuracy 0.9212
Data copied successfully!

last_spmm_time: 69.715752 , last_cuda_sampling_time: 3.885164
Epoch 00099 | Loss 0.2127 | Accuracy 0.9230 | Time : 6.9633 | Loop_Time : 1.7729 | Model_Time : 5.1898 | x_y_time : 0.0073 | pred_time : 2.0544 | backward_time : 2.5487 | optim_time : 0.4560 
Sampling time: 178.0109, Model training time: 519.3351, Total time 697.4126
Test Accuracy 0.9231
Data copied successfully!

last_spmm_time: 58.189381 , last_cuda_sampling_time: 3.051722
Epoch 00099 | Loss 0.2118 | Accuracy 0.9221 | Time : 4.2184 | Loop_Time : 0.8819 | Model_Time : 3.3362 | x_y_time : 0.0035 | pred_time : 1.3729 | backward_time : 1.5667 | optim_time : 0.2106 
Sampling time: 86.3657, Model training time: 332.4135, Total time 418.8137
Test Accuracy 0.9222
Data copied successfully!

last_spmm_time: 47.714508 , last_cuda_sampling_time: 2.468650
Epoch 00099 | Loss 0.2109 | Accuracy 0.9237 | Time : 2.6639 | Loop_Time : 0.4391 | Model_Time : 2.2246 | x_y_time : 0.0015 | pred_time : 0.9606 | backward_time : 1.0013 | optim_time : 0.0963 
Sampling time: 43.7509, Model training time: 223.0200, Total time 266.7886
Test Accuracy 0.9238
Data copied successfully!

last_spmm_time: 37.620186 , last_cuda_sampling_time: 1.949803
Epoch 00099 | Loss 0.2104 | Accuracy 0.9235 | Time : 1.7912 | Loop_Time : 0.2438 | Model_Time : 1.5473 | x_y_time : 0.0007 | pred_time : 0.6979 | backward_time : 0.6800 | optim_time : 0.0425 
Sampling time: 24.2288, Model training time: 155.8584, Total time 180.0990
Test Accuracy 0.9236
Data copied successfully!

last_spmm_time: 28.479721 , last_cuda_sampling_time: 1.496787
Epoch 00099 | Loss 0.2112 | Accuracy 0.9209 | Time : 1.2542 | Loop_Time : 0.1509 | Model_Time : 1.1032 | x_y_time : 0.0003 | pred_time : 0.5008 | backward_time : 0.5003 | optim_time : 0.0211 
Sampling time: 15.0788, Model training time: 110.7580, Total time 125.8455
Test Accuracy 0.9210
Data copied successfully!

last_spmm_time: 20.906023 , last_cuda_sampling_time: 1.129325
Epoch 00099 | Loss 0.2145 | Accuracy 0.9223 | Time : 0.8719 | Loop_Time : 0.0972 | Model_Time : 0.7747 | x_y_time : 0.0002 | pred_time : 0.3558 | backward_time : 0.3583 | optim_time : 0.0110 
Sampling time: 9.7410, Model training time: 78.0427, Total time 87.7906
Test Accuracy 0.9225
Data copied successfully!

last_spmm_time: 14.491925 , last_cuda_sampling_time: 0.816857
Epoch 00099 | Loss 0.2177 | Accuracy 0.9219 | Time : 0.5889 | Loop_Time : 0.0630 | Model_Time : 0.5257 | x_y_time : 0.0001 | pred_time : 0.2419 | backward_time : 0.2495 | optim_time : 0.0053 
Sampling time: 6.2675, Model training time: 53.1857, Total time 59.4598
Test Accuracy 0.9222
Data copied successfully!
