
last_spmm_time: 2.501747 , last_cuda_sampling_time: 0.574440
Epoch 00099 | Loss 1.2737 | Accuracy 0.6226 | Time : 0.8491 | Loop_Time : 0.2458 | Model_Time : 0.6032 | x_y_time : 0.0011 | pred_time : 0.2221 | backward_time : 0.3068 | optim_time : 0.0656 
Sampling time: 24.5886, Model training time: 59.5655, Total time 84.1674
Test Accuracy 0.5649
Data copied successfully!

last_spmm_time: 1.711033 , last_cuda_sampling_time: 0.409997
Epoch 00099 | Loss 1.2908 | Accuracy 0.6194 | Time : 0.4262 | Loop_Time : 0.1193 | Model_Time : 0.3068 | x_y_time : 0.0005 | pred_time : 0.1121 | backward_time : 0.1583 | optim_time : 0.0322 
Sampling time: 11.9972, Model training time: 31.3107, Total time 43.3169
Test Accuracy 0.5714
Data copied successfully!

last_spmm_time: 1.214304 , last_cuda_sampling_time: 0.287411
Epoch 00099 | Loss 1.3051 | Accuracy 0.6202 | Time : 0.2097 | Loop_Time : 0.0551 | Model_Time : 0.1545 | x_y_time : 0.0002 | pred_time : 0.0591 | backward_time : 0.0803 | optim_time : 0.0131 
Sampling time: 5.7759, Model training time: 16.5899, Total time 22.3721
Test Accuracy 0.5553
Data copied successfully!

last_spmm_time: 0.893884 , last_cuda_sampling_time: 0.214546
Epoch 00099 | Loss 1.3443 | Accuracy 0.6165 | Time : 0.1171 | Loop_Time : 0.0282 | Model_Time : 0.0889 | x_y_time : 0.0001 | pred_time : 0.0363 | backward_time : 0.0422 | optim_time : 0.0065 
Sampling time: 2.8825, Model training time: 9.7557, Total time 12.6428
Test Accuracy 0.5567
Data copied successfully!

last_spmm_time: 0.662253 , last_cuda_sampling_time: 0.156825
Epoch 00099 | Loss 1.3991 | Accuracy 0.6090 | Time : 0.0723 | Loop_Time : 0.0154 | Model_Time : 0.0569 | x_y_time : 0.0001 | pred_time : 0.0240 | backward_time : 0.0247 | optim_time : 0.0030 
Sampling time: 1.5872, Model training time: 6.5710, Total time 8.1622
Test Accuracy 0.5501
Data copied successfully!

last_spmm_time: 0.470218 , last_cuda_sampling_time: 0.113885
Epoch 00099 | Loss 1.5215 | Accuracy 0.5970 | Time : 0.0466 | Loop_Time : 0.0085 | Model_Time : 0.0381 | x_y_time : 0.0000 | pred_time : 0.0161 | backward_time : 0.0167 | optim_time : 0.0015 
Sampling time: 0.8692, Model training time: 4.6786, Total time 5.5516
Test Accuracy 0.5366
Data copied successfully!

last_spmm_time: 0.333192 , last_cuda_sampling_time: 0.088833
Epoch 00099 | Loss 1.7208 | Accuracy 0.5710 | Time : 0.0314 | Loop_Time : 0.0058 | Model_Time : 0.0256 | x_y_time : 0.0000 | pred_time : 0.0104 | backward_time : 0.0119 | optim_time : 0.0008 
Sampling time: 0.5379, Model training time: 3.4517, Total time 3.9934
Test Accuracy 0.5161
Data copied successfully!

last_spmm_time: 2.312356 , last_cuda_sampling_time: 0.539289
Epoch 00099 | Loss 1.2835 | Accuracy 0.6204 | Time : 0.8630 | Loop_Time : 0.2536 | Model_Time : 0.6093 | x_y_time : 0.0011 | pred_time : 0.2266 | backward_time : 0.3069 | optim_time : 0.0671 
Sampling time: 25.3210, Model training time: 61.8864, Total time 87.2214
Test Accuracy 0.5595
Data copied successfully!

last_spmm_time: 1.561230 , last_cuda_sampling_time: 0.378425
Epoch 00099 | Loss 1.2934 | Accuracy 0.6218 | Time : 0.4212 | Loop_Time : 0.1179 | Model_Time : 0.3032 | x_y_time : 0.0005 | pred_time : 0.1096 | backward_time : 0.1583 | optim_time : 0.0310 
Sampling time: 11.7772, Model training time: 31.0121, Total time 42.7980
Test Accuracy 0.5668
Data copied successfully!

last_spmm_time: 1.086139 , last_cuda_sampling_time: 0.270495
Epoch 00099 | Loss 1.3061 | Accuracy 0.6179 | Time : 0.2090 | Loop_Time : 0.0554 | Model_Time : 0.1535 | x_y_time : 0.0002 | pred_time : 0.0576 | backward_time : 0.0802 | optim_time : 0.0137 
Sampling time: 5.5395, Model training time: 15.3599, Total time 20.9053
Test Accuracy 0.5598
Data copied successfully!

last_spmm_time: 0.811646 , last_cuda_sampling_time: 0.202948
Epoch 00099 | Loss 1.3377 | Accuracy 0.6185 | Time : 0.1127 | Loop_Time : 0.0280 | Model_Time : 0.0846 | x_y_time : 0.0001 | pred_time : 0.0343 | backward_time : 0.0406 | optim_time : 0.0067 
Sampling time: 2.8351, Model training time: 9.3611, Total time 12.2008
Test Accuracy 0.5620
Data copied successfully!

last_spmm_time: 0.604315 , last_cuda_sampling_time: 0.151432
Epoch 00099 | Loss 1.3917 | Accuracy 0.6114 | Time : 0.0702 | Loop_Time : 0.0149 | Model_Time : 0.0552 | x_y_time : 0.0000 | pred_time : 0.0230 | backward_time : 0.0252 | optim_time : 0.0031 
Sampling time: 1.5440, Model training time: 6.4002, Total time 7.9484
Test Accuracy 0.5514
Data copied successfully!

last_spmm_time: 0.436828 , last_cuda_sampling_time: 0.111754
Epoch 00099 | Loss 1.5120 | Accuracy 0.5956 | Time : 0.0460 | Loop_Time : 0.0089 | Model_Time : 0.0370 | x_y_time : 0.0000 | pred_time : 0.0156 | backward_time : 0.0162 | optim_time : 0.0018 
Sampling time: 0.9159, Model training time: 4.6012, Total time 5.5212
Test Accuracy 0.5369
Data copied successfully!

last_spmm_time: 0.314060 , last_cuda_sampling_time: 0.088378
Epoch 00099 | Loss 1.7133 | Accuracy 0.5711 | Time : 0.0302 | Loop_Time : 0.0051 | Model_Time : 0.0251 | x_y_time : 0.0000 | pred_time : 0.0101 | backward_time : 0.0117 | optim_time : 0.0007 
Sampling time: 0.5200, Model training time: 3.3732, Total time 3.8969
Test Accuracy 0.5119
Data copied successfully!

last_spmm_time: 2.067789 , last_cuda_sampling_time: 0.492228
Epoch 00099 | Loss 1.2767 | Accuracy 0.6219 | Time : 0.8545 | Loop_Time : 0.2508 | Model_Time : 0.6036 | x_y_time : 0.0011 | pred_time : 0.2213 | backward_time : 0.3076 | optim_time : 0.0661 
Sampling time: 24.8702, Model training time: 60.7324, Total time 85.6160
Test Accuracy 0.5605
Data copied successfully!

last_spmm_time: 1.368006 , last_cuda_sampling_time: 0.342168
Epoch 00099 | Loss 1.2818 | Accuracy 0.6206 | Time : 0.4126 | Loop_Time : 0.1162 | Model_Time : 0.2964 | x_y_time : 0.0005 | pred_time : 0.1064 | backward_time : 0.1562 | optim_time : 0.0298 
Sampling time: 11.7028, Model training time: 29.8764, Total time 41.5879
Test Accuracy 0.5632
Data copied successfully!

last_spmm_time: 0.944306 , last_cuda_sampling_time: 0.254797
Epoch 00099 | Loss 1.3013 | Accuracy 0.6199 | Time : 0.2074 | Loop_Time : 0.0560 | Model_Time : 0.1513 | x_y_time : 0.0002 | pred_time : 0.0550 | backward_time : 0.0797 | optim_time : 0.0146 
Sampling time: 5.6447, Model training time: 15.9698, Total time 21.6208
Test Accuracy 0.5588
Data copied successfully!

last_spmm_time: 0.688908 , last_cuda_sampling_time: 0.186392
Epoch 00099 | Loss 1.3378 | Accuracy 0.6159 | Time : 0.1084 | Loop_Time : 0.0274 | Model_Time : 0.0810 | x_y_time : 0.0001 | pred_time : 0.0320 | backward_time : 0.0403 | optim_time : 0.0071 
Sampling time: 2.7852, Model training time: 8.9844, Total time 11.7743
Test Accuracy 0.5574
Data copied successfully!

last_spmm_time: 0.519572 , last_cuda_sampling_time: 0.142915
Epoch 00099 | Loss 1.4093 | Accuracy 0.6091 | Time : 0.0679 | Loop_Time : 0.0157 | Model_Time : 0.0522 | x_y_time : 0.0001 | pred_time : 0.0218 | backward_time : 0.0239 | optim_time : 0.0033 
Sampling time: 1.5305, Model training time: 6.0760, Total time 7.6107
Test Accuracy 0.5496
Data copied successfully!

last_spmm_time: 0.386783 , last_cuda_sampling_time: 0.108056
Epoch 00099 | Loss 1.5252 | Accuracy 0.5968 | Time : 0.0435 | Loop_Time : 0.0083 | Model_Time : 0.0352 | x_y_time : 0.0000 | pred_time : 0.0146 | backward_time : 0.0156 | optim_time : 0.0015 
Sampling time: 0.8542, Model training time: 4.4334, Total time 5.2915
Test Accuracy 0.5362
Data copied successfully!

last_spmm_time: 0.285610 , last_cuda_sampling_time: 0.086772
Epoch 00099 | Loss 1.7307 | Accuracy 0.5668 | Time : 0.0297 | Loop_Time : 0.0052 | Model_Time : 0.0245 | x_y_time : 0.0000 | pred_time : 0.0098 | backward_time : 0.0114 | optim_time : 0.0008 
Sampling time: 0.5046, Model training time: 3.3158, Total time 3.8241
Test Accuracy 0.5089
Data copied successfully!

last_spmm_time: 75.460793 , last_cuda_sampling_time: 15.430383
Epoch 00099 | Loss 0.3308 | Accuracy 0.9152 | Time : 4.6740 | Loop_Time : 1.3183 | Model_Time : 3.3555 | x_y_time : 0.0017 | pred_time : 2.0865 | backward_time : 0.5341 | optim_time : 0.1151 
Sampling time: 132.0447, Model training time: 353.8621, Total time 485.9249
Test Accuracy 0.7861
Data copied successfully!

last_spmm_time: 65.664017 , last_cuda_sampling_time: 12.657228
Epoch 00099 | Loss 0.3252 | Accuracy 0.9166 | Time : 3.8144 | Loop_Time : 0.9983 | Model_Time : 2.8160 | x_y_time : 0.0009 | pred_time : 1.6853 | backward_time : 0.5526 | optim_time : 0.0512 
Sampling time: 100.2247, Model training time: 282.5437, Total time 382.7795
Test Accuracy 0.7892
Data copied successfully!

last_spmm_time: 54.680645 , last_cuda_sampling_time: 9.772287
Epoch 00099 | Loss 0.3287 | Accuracy 0.9170 | Time : 2.8431 | Loop_Time : 0.6851 | Model_Time : 2.1580 | x_y_time : 0.0004 | pred_time : 1.3023 | backward_time : 0.4040 | optim_time : 0.0264 
Sampling time: 68.6537, Model training time: 216.5417, Total time 285.2035
Test Accuracy 0.7885
Data copied successfully!

last_spmm_time: 43.191364 , last_cuda_sampling_time: 7.006361
Epoch 00099 | Loss 0.3502 | Accuracy 0.9148 | Time : 2.0791 | Loop_Time : 0.5017 | Model_Time : 1.5773 | x_y_time : 0.0002 | pred_time : 0.9448 | backward_time : 0.3097 | optim_time : 0.0136 
Sampling time: 50.1679, Model training time: 158.4738, Total time 208.6481
Test Accuracy 0.7876
Data copied successfully!

last_spmm_time: 33.280373 , last_cuda_sampling_time: 4.891984
Epoch 00099 | Loss 0.3734 | Accuracy 0.9111 | Time : 1.4576 | Loop_Time : 0.3352 | Model_Time : 1.1224 | x_y_time : 0.0001 | pred_time : 0.6632 | backward_time : 0.2420 | optim_time : 0.0070 
Sampling time: 33.6299, Model training time: 112.9639, Total time 146.5994
Test Accuracy 0.7820
Data copied successfully!

last_spmm_time: 24.859192 , last_cuda_sampling_time: 3.339891
Epoch 00099 | Loss 0.4318 | Accuracy 0.9029 | Time : 1.0053 | Loop_Time : 0.2190 | Model_Time : 0.7862 | x_y_time : 0.0001 | pred_time : 0.4531 | backward_time : 0.1896 | optim_time : 0.0042 
Sampling time: 21.9853, Model training time: 79.1105, Total time 101.1010
Test Accuracy 0.7677
Data copied successfully!

last_spmm_time: 18.096113 , last_cuda_sampling_time: 2.237105
Epoch 00099 | Loss 0.5020 | Accuracy 0.8944 | Time : 0.6898 | Loop_Time : 0.1482 | Model_Time : 0.5416 | x_y_time : 0.0000 | pred_time : 0.3046 | backward_time : 0.1454 | optim_time : 0.0027 
Sampling time: 14.7511, Model training time: 54.8149, Total time 69.5710
Test Accuracy 0.7481
Data copied successfully!

last_spmm_time: 46.420238 , last_cuda_sampling_time: 10.782244
Epoch 00099 | Loss 0.3371 | Accuracy 0.9154 | Time : 3.2517 | Loop_Time : 0.9146 | Model_Time : 2.3369 | x_y_time : 0.0017 | pred_time : 1.3974 | backward_time : 0.4327 | optim_time : 0.1167 
Sampling time: 92.7022, Model training time: 259.0916, Total time 351.8120
Test Accuracy 0.7847
Data copied successfully!

last_spmm_time: 41.131790 , last_cuda_sampling_time: 9.069254
Epoch 00099 | Loss 0.3378 | Accuracy 0.9152 | Time : 2.6892 | Loop_Time : 0.6744 | Model_Time : 2.0147 | x_y_time : 0.0008 | pred_time : 1.1462 | backward_time : 0.4632 | optim_time : 0.0526 
Sampling time: 67.5751, Model training time: 202.1632, Total time 269.7498
Test Accuracy 0.7876
Data copied successfully!

last_spmm_time: 35.311371 , last_cuda_sampling_time: 7.325853
Epoch 00099 | Loss 0.3405 | Accuracy 0.9159 | Time : 2.0444 | Loop_Time : 0.4662 | Model_Time : 1.5781 | x_y_time : 0.0004 | pred_time : 0.9175 | backward_time : 0.3254 | optim_time : 0.0271 
Sampling time: 46.5853, Model training time: 158.5604, Total time 205.1537
Test Accuracy 0.7877
Data copied successfully!

last_spmm_time: 28.868219 , last_cuda_sampling_time: 5.526722
Epoch 00099 | Loss 0.3562 | Accuracy 0.9135 | Time : 1.5311 | Loop_Time : 0.3394 | Model_Time : 1.1916 | x_y_time : 0.0002 | pred_time : 0.6940 | backward_time : 0.2438 | optim_time : 0.0133 
Sampling time: 33.9653, Model training time: 119.8385, Total time 153.8106
Test Accuracy 0.7820
Data copied successfully!

last_spmm_time: 22.878948 , last_cuda_sampling_time: 4.011456
Epoch 00099 | Loss 0.3895 | Accuracy 0.9099 | Time : 1.1077 | Loop_Time : 0.2325 | Model_Time : 0.8751 | x_y_time : 0.0001 | pred_time : 0.5050 | backward_time : 0.1903 | optim_time : 0.0070 
Sampling time: 23.3232, Model training time: 88.1454, Total time 111.4739
Test Accuracy 0.7834
Data copied successfully!

last_spmm_time: 17.477879 , last_cuda_sampling_time: 2.807466
Epoch 00099 | Loss 0.4530 | Accuracy 0.9012 | Time : 0.7940 | Loop_Time : 0.1701 | Model_Time : 0.6239 | x_y_time : 0.0001 | pred_time : 0.3538 | backward_time : 0.1500 | optim_time : 0.0040 
Sampling time: 17.0001, Model training time: 62.9496, Total time 79.9547
Test Accuracy 0.7644
Data copied successfully!

last_spmm_time: 13.016400 , last_cuda_sampling_time: 1.926739
Epoch 00099 | Loss 0.5079 | Accuracy 0.8937 | Time : 0.5524 | Loop_Time : 0.1133 | Model_Time : 0.4390 | x_y_time : 0.0000 | pred_time : 0.2429 | backward_time : 0.1161 | optim_time : 0.0024 
Sampling time: 11.3416, Model training time: 44.5141, Total time 55.8603
Test Accuracy 0.7425
Data copied successfully!

last_spmm_time: 22.979874 , last_cuda_sampling_time: 6.343562
Epoch 00099 | Loss 0.3561 | Accuracy 0.9141 | Time : 2.4238 | Loop_Time : 0.6314 | Model_Time : 1.7923 | x_y_time : 0.0018 | pred_time : 0.8209 | backward_time : 0.6966 | optim_time : 0.1067 
Sampling time: 64.1184, Model training time: 180.2610, Total time 244.3983
Test Accuracy 0.7899
Data copied successfully!

last_spmm_time: 20.400995 , last_cuda_sampling_time: 5.563069
Epoch 00099 | Loss 0.3534 | Accuracy 0.9124 | Time : 1.6504 | Loop_Time : 0.4035 | Model_Time : 1.2468 | x_y_time : 0.0009 | pred_time : 0.6473 | backward_time : 0.3719 | optim_time : 0.0513 
Sampling time: 40.6683, Model training time: 125.4137, Total time 166.0927
Test Accuracy 0.7889
Data copied successfully!

last_spmm_time: 18.044235 , last_cuda_sampling_time: 4.671780
Epoch 00099 | Loss 0.3569 | Accuracy 0.9127 | Time : 1.2779 | Loop_Time : 0.2854 | Model_Time : 0.9924 | x_y_time : 0.0004 | pred_time : 0.5377 | backward_time : 0.2497 | optim_time : 0.0267 
Sampling time: 28.7166, Model training time: 99.5758, Total time 128.3001
Test Accuracy 0.7919
Data copied successfully!

last_spmm_time: 15.470002 , last_cuda_sampling_time: 3.759162
Epoch 00099 | Loss 0.3730 | Accuracy 0.9115 | Time : 0.9868 | Loop_Time : 0.2063 | Model_Time : 0.7805 | x_y_time : 0.0002 | pred_time : 0.4321 | backward_time : 0.1796 | optim_time : 0.0128 
Sampling time: 20.6865, Model training time: 77.8745, Total time 98.5670
Test Accuracy 0.7867
Data copied successfully!

last_spmm_time: 12.831741 , last_cuda_sampling_time: 2.898494
Epoch 00099 | Loss 0.4077 | Accuracy 0.9083 | Time : 0.7432 | Loop_Time : 0.1445 | Model_Time : 0.5987 | x_y_time : 0.0001 | pred_time : 0.3317 | backward_time : 0.1382 | optim_time : 0.0070 
Sampling time: 14.5030, Model training time: 60.3909, Total time 74.8991
Test Accuracy 0.7767
Data copied successfully!

last_spmm_time: 10.208420 , last_cuda_sampling_time: 2.123585
Epoch 00099 | Loss 0.4688 | Accuracy 0.8970 | Time : 0.5486 | Loop_Time : 0.1060 | Model_Time : 0.4425 | x_y_time : 0.0001 | pred_time : 0.2428 | backward_time : 0.1082 | optim_time : 0.0038 
Sampling time: 10.6500, Model training time: 44.8329, Total time 55.4878
Test Accuracy 0.7619
Data copied successfully!

last_spmm_time: 7.893795 , last_cuda_sampling_time: 1.520127
Epoch 00099 | Loss 0.5367 | Accuracy 0.8886 | Time : 0.3966 | Loop_Time : 0.0746 | Model_Time : 0.3220 | x_y_time : 0.0000 | pred_time : 0.1725 | backward_time : 0.0880 | optim_time : 0.0025 
Sampling time: 7.4764, Model training time: 32.7597, Total time 40.2407
Test Accuracy 0.7448
Data copied successfully!

last_spmm_time: 434.448242 , last_cuda_sampling_time: 24.930513
Epoch 00099 | Loss 0.7517 | Accuracy 0.7419 | Time : 30.3173 | Loop_Time : 2.4660 | Model_Time : 27.8508 | x_y_time : 0.0052 | pred_time : 15.4546 | backward_time : 6.9238 | optim_time : 0.3227 
Sampling time: 245.8303, Model training time: 2780.2895, Total time 3026.1697
Test Accuracy 0.7455
Data copied successfully!

last_spmm_time: 366.593842 , last_cuda_sampling_time: 21.377501
Epoch 00099 | Loss 0.7433 | Accuracy 0.7419 | Time : 20.5326 | Loop_Time : 1.6112 | Model_Time : 18.9211 | x_y_time : 0.0027 | pred_time : 10.5581 | backward_time : 5.1174 | optim_time : 0.1631 
Sampling time: 160.9041, Model training time: 1893.2357, Total time 2054.1679
Test Accuracy 0.7460
Data copied successfully!

last_spmm_time: 288.176147 , last_cuda_sampling_time: 17.111456
Epoch 00099 | Loss 0.7350 | Accuracy 0.7455 | Time : 13.7760 | Loop_Time : 1.1378 | Model_Time : 12.6380 | x_y_time : 0.0014 | pred_time : 7.0560 | backward_time : 3.7808 | optim_time : 0.0845 
Sampling time: 113.5437, Model training time: 1263.2998, Total time 1376.8597
Test Accuracy 0.7491
Data copied successfully!

last_spmm_time: 207.753983 , last_cuda_sampling_time: 12.667842
Epoch 00099 | Loss 0.7305 | Accuracy 0.7482 | Time : 8.7627 | Loop_Time : 0.7399 | Model_Time : 8.0227 | x_y_time : 0.0007 | pred_time : 4.4606 | backward_time : 2.6047 | optim_time : 0.0427 
Sampling time: 73.9560, Model training time: 803.3761, Total time 877.3428
Test Accuracy 0.7511
Data copied successfully!

last_spmm_time: 137.514511 , last_cuda_sampling_time: 8.596453
Epoch 00099 | Loss 0.7272 | Accuracy 0.7481 | Time : 5.4105 | Loop_Time : 0.4989 | Model_Time : 4.9115 | x_y_time : 0.0003 | pred_time : 2.6898 | backward_time : 1.7240 | optim_time : 0.0214 
Sampling time: 49.9102, Model training time: 492.0620, Total time 541.9801
Test Accuracy 0.7514
Data copied successfully!

last_spmm_time: 85.776390 , last_cuda_sampling_time: 5.572269
Epoch 00099 | Loss 0.7281 | Accuracy 0.7482 | Time : 3.2275 | Loop_Time : 0.3122 | Model_Time : 2.9152 | x_y_time : 0.0002 | pred_time : 1.5737 | backward_time : 1.0862 | optim_time : 0.0113 
Sampling time: 31.1948, Model training time: 292.0156, Total time 323.2172
Test Accuracy 0.7514
Data copied successfully!

last_spmm_time: 53.748405 , last_cuda_sampling_time: 3.574379
Epoch 00099 | Loss 0.7328 | Accuracy 0.7480 | Time : 1.9783 | Loop_Time : 0.1971 | Model_Time : 1.7812 | x_y_time : 0.0001 | pred_time : 0.9431 | backward_time : 0.6990 | optim_time : 0.0059 
Sampling time: 19.7627, Model training time: 178.9274, Total time 198.6960
Test Accuracy 0.7517
Data copied successfully!

last_spmm_time: 307.850189 , last_cuda_sampling_time: 20.401268
Epoch 00099 | Loss 0.7529 | Accuracy 0.7423 | Time : 25.0357 | Loop_Time : 2.0359 | Model_Time : 22.9994 | x_y_time : 0.0051 | pred_time : 12.7197 | backward_time : 5.6567 | optim_time : 0.3315 
Sampling time: 203.9092, Model training time: 2295.7522, Total time 2499.7115
Test Accuracy 0.7459
Data copied successfully!

last_spmm_time: 267.776978 , last_cuda_sampling_time: 18.495138
Epoch 00099 | Loss 0.7441 | Accuracy 0.7436 | Time : 17.7097 | Loop_Time : 1.3770 | Model_Time : 16.3325 | x_y_time : 0.0027 | pred_time : 9.1040 | backward_time : 4.2037 | optim_time : 0.1651 
Sampling time: 137.9498, Model training time: 1629.6027, Total time 1767.5796
Test Accuracy 0.7477
Data copied successfully!

last_spmm_time: 219.456818 , last_cuda_sampling_time: 15.354794
Epoch 00099 | Loss 0.7364 | Accuracy 0.7463 | Time : 12.2878 | Loop_Time : 0.9795 | Model_Time : 11.3081 | x_y_time : 0.0014 | pred_time : 6.3491 | backward_time : 3.2103 | optim_time : 0.0835 
Sampling time: 97.9883, Model training time: 1131.4987, Total time 1229.5038
Test Accuracy 0.7495
Data copied successfully!

last_spmm_time: 166.512466 , last_cuda_sampling_time: 11.767239
Epoch 00099 | Loss 0.7309 | Accuracy 0.7473 | Time : 7.9013 | Loop_Time : 0.6455 | Model_Time : 7.2557 | x_y_time : 0.0007 | pred_time : 4.0472 | backward_time : 2.2647 | optim_time : 0.0411 
Sampling time: 64.6936, Model training time: 726.2159, Total time 790.9200
Test Accuracy 0.7509
Data copied successfully!

last_spmm_time: 115.700394 , last_cuda_sampling_time: 8.468804
Epoch 00099 | Loss 0.7278 | Accuracy 0.7482 | Time : 4.9565 | Loop_Time : 0.4152 | Model_Time : 4.5412 | x_y_time : 0.0004 | pred_time : 2.5013 | backward_time : 1.5458 | optim_time : 0.0210 
Sampling time: 41.4327, Model training time: 455.7326, Total time 497.1729
Test Accuracy 0.7520
Data copied successfully!

last_spmm_time: 74.394287 , last_cuda_sampling_time: 5.606147
Epoch 00099 | Loss 0.7280 | Accuracy 0.7486 | Time : 3.0215 | Loop_Time : 0.2785 | Model_Time : 2.7430 | x_y_time : 0.0002 | pred_time : 1.4867 | backward_time : 1.0014 | optim_time : 0.0105 
Sampling time: 27.9230, Model training time: 275.1909, Total time 303.1205
Test Accuracy 0.7516
Data copied successfully!

last_spmm_time: 47.239643 , last_cuda_sampling_time: 3.672913
Epoch 00099 | Loss 0.7322 | Accuracy 0.7481 | Time : 1.8831 | Loop_Time : 0.1838 | Model_Time : 1.6992 | x_y_time : 0.0001 | pred_time : 0.9034 | backward_time : 0.6561 | optim_time : 0.0064 
Sampling time: 18.2611, Model training time: 170.3866, Total time 188.6536
Test Accuracy 0.7513
Data copied successfully!

last_spmm_time: 163.213715 , last_cuda_sampling_time: 13.920261
Epoch 00099 | Loss 0.7528 | Accuracy 0.7428 | Time : 17.1372 | Loop_Time : 1.6464 | Model_Time : 15.4903 | x_y_time : 0.0051 | pred_time : 8.3267 | backward_time : 4.1105 | optim_time : 0.3246 
Sampling time: 164.7038, Model training time: 1545.4183, Total time 1710.1719
Test Accuracy 0.7466
Data copied successfully!

last_spmm_time: 147.436432 , last_cuda_sampling_time: 12.785210
Epoch 00099 | Loss 0.7443 | Accuracy 0.7441 | Time : 12.6324 | Loop_Time : 1.0237 | Model_Time : 11.6084 | x_y_time : 0.0026 | pred_time : 6.3919 | backward_time : 2.9449 | optim_time : 0.1633 
Sampling time: 102.2506, Model training time: 1161.7715, Total time 1264.0474
Test Accuracy 0.7474
Data copied successfully!

last_spmm_time: 127.459702 , last_cuda_sampling_time: 11.632917
Epoch 00099 | Loss 0.7374 | Accuracy 0.7463 | Time : 9.1368 | Loop_Time : 0.7010 | Model_Time : 8.4356 | x_y_time : 0.0014 | pred_time : 4.6728 | backward_time : 2.2562 | optim_time : 0.0834 
Sampling time: 69.5825, Model training time: 843.1491, Total time 912.7481
Test Accuracy 0.7501
Data copied successfully!

last_spmm_time: 103.829735 , last_cuda_sampling_time: 9.550774
Epoch 00099 | Loss 0.7319 | Accuracy 0.7465 | Time : 6.2509 | Loop_Time : 0.4613 | Model_Time : 5.7895 | x_y_time : 0.0007 | pred_time : 3.2112 | backward_time : 1.7084 | optim_time : 0.0419 
Sampling time: 47.4186, Model training time: 581.8064, Total time 629.2369
Test Accuracy 0.7504
Data copied successfully!

last_spmm_time: 78.363045 , last_cuda_sampling_time: 7.350541
Epoch 00099 | Loss 0.7282 | Accuracy 0.7481 | Time : 4.1501 | Loop_Time : 0.3403 | Model_Time : 3.8097 | x_y_time : 0.0004 | pred_time : 2.1154 | backward_time : 1.2198 | optim_time : 0.0253 
Sampling time: 33.4058, Model training time: 381.9942, Total time 415.4085
Test Accuracy 0.7521
Data copied successfully!

last_spmm_time: 54.257095 , last_cuda_sampling_time: 5.282444
Epoch 00099 | Loss 0.7296 | Accuracy 0.7494 | Time : 2.6088 | Loop_Time : 0.2150 | Model_Time : 2.3938 | x_y_time : 0.0002 | pred_time : 1.3051 | backward_time : 0.8334 | optim_time : 0.0108 
Sampling time: 21.7054, Model training time: 240.4796, Total time 262.1914
Test Accuracy 0.7519
Data copied successfully!

last_spmm_time: 35.946056 , last_cuda_sampling_time: 3.583670
Epoch 00099 | Loss 0.7343 | Accuracy 0.7478 | Time : 1.6711 | Loop_Time : 0.1447 | Model_Time : 1.5263 | x_y_time : 0.0001 | pred_time : 0.8159 | backward_time : 0.5707 | optim_time : 0.0059 
Sampling time: 14.4527, Model training time: 152.8291, Total time 167.2877
Test Accuracy 0.7516
Data copied successfully!

last_spmm_time: 108.176369 , last_cuda_sampling_time: 12.674433
Epoch 00099 | Loss 0.1129 | Accuracy 0.9623 | Time : 4.1381 | Loop_Time : 0.5718 | Model_Time : 3.5661 | x_y_time : 0.0015 | pred_time : 1.6539 | backward_time : 1.5563 | optim_time : 0.0915 
Sampling time: 57.3138, Model training time: 356.0268, Total time 413.3579
Test Accuracy 0.9632
Data copied successfully!

last_spmm_time: 71.396858 , last_cuda_sampling_time: 7.858943
Epoch 00099 | Loss 0.1032 | Accuracy 0.9628 | Time : 2.4513 | Loop_Time : 0.3115 | Model_Time : 2.1397 | x_y_time : 0.0007 | pred_time : 1.0001 | backward_time : 0.9512 | optim_time : 0.0441 
Sampling time: 31.4238, Model training time: 214.9192, Total time 246.3536
Test Accuracy 0.9634
Data copied successfully!

last_spmm_time: 45.194698 , last_cuda_sampling_time: 4.737219
Epoch 00099 | Loss 0.1016 | Accuracy 0.9632 | Time : 1.4521 | Loop_Time : 0.1707 | Model_Time : 1.2813 | x_y_time : 0.0004 | pred_time : 0.5960 | backward_time : 0.5874 | optim_time : 0.0229 
Sampling time: 17.2339, Model training time: 128.2117, Total time 145.4532
Test Accuracy 0.9636
Data copied successfully!

last_spmm_time: 27.813181 , last_cuda_sampling_time: 2.795043
Epoch 00099 | Loss 0.1201 | Accuracy 0.9635 | Time : 0.8511 | Loop_Time : 0.0954 | Model_Time : 0.7556 | x_y_time : 0.0002 | pred_time : 0.3551 | backward_time : 0.3477 | optim_time : 0.0115 
Sampling time: 9.4881, Model training time: 75.5359, Total time 85.0296
Test Accuracy 0.9641
Data copied successfully!

last_spmm_time: 17.071697 , last_cuda_sampling_time: 1.668895
Epoch 00099 | Loss 0.1598 | Accuracy 0.9624 | Time : 0.5002 | Loop_Time : 0.0579 | Model_Time : 0.4423 | x_y_time : 0.0001 | pred_time : 0.2044 | backward_time : 0.2115 | optim_time : 0.0055 
Sampling time: 5.8137, Model training time: 44.6327, Total time 50.4517
Test Accuracy 0.9627
Data copied successfully!

last_spmm_time: 10.616991 , last_cuda_sampling_time: 0.990941
Epoch 00099 | Loss 0.2198 | Accuracy 0.9587 | Time : 0.3052 | Loop_Time : 0.0349 | Model_Time : 0.2702 | x_y_time : 0.0000 | pred_time : 0.1251 | backward_time : 0.1301 | optim_time : 0.0032 
Sampling time: 3.5105, Model training time: 27.6410, Total time 31.1561
Test Accuracy 0.9592
Data copied successfully!

last_spmm_time: 6.617024 , last_cuda_sampling_time: 0.655224
Epoch 00099 | Loss 0.2958 | Accuracy 0.9516 | Time : 0.1724 | Loop_Time : 0.0197 | Model_Time : 0.1527 | x_y_time : 0.0000 | pred_time : 0.0695 | backward_time : 0.0756 | optim_time : 0.0015 
Sampling time: 2.0298, Model training time: 16.0958, Total time 18.1296
Test Accuracy 0.9529
Data copied successfully!

last_spmm_time: 70.932541 , last_cuda_sampling_time: 10.783022
Epoch 00099 | Loss 0.1196 | Accuracy 0.9606 | Time : 3.4668 | Loop_Time : 0.5266 | Model_Time : 2.9400 | x_y_time : 0.0016 | pred_time : 1.3505 | backward_time : 1.2587 | optim_time : 0.0998 
Sampling time: 51.3879, Model training time: 294.1242, Total time 345.5299
Test Accuracy 0.9633
Data copied successfully!

last_spmm_time: 48.847675 , last_cuda_sampling_time: 6.961011
Epoch 00099 | Loss 0.1074 | Accuracy 0.9628 | Time : 2.0613 | Loop_Time : 0.2878 | Model_Time : 1.7733 | x_y_time : 0.0008 | pred_time : 0.8251 | backward_time : 0.7689 | optim_time : 0.0490 
Sampling time: 27.7010, Model training time: 177.6233, Total time 205.3352
Test Accuracy 0.9631
Data copied successfully!

last_spmm_time: 31.898970 , last_cuda_sampling_time: 4.291906
Epoch 00099 | Loss 0.1056 | Accuracy 0.9618 | Time : 1.2344 | Loop_Time : 0.1576 | Model_Time : 1.0768 | x_y_time : 0.0003 | pred_time : 0.4984 | backward_time : 0.4832 | optim_time : 0.0219 
Sampling time: 15.8578, Model training time: 107.8480, Total time 123.7132
Test Accuracy 0.9633
Data copied successfully!

last_spmm_time: 20.101171 , last_cuda_sampling_time: 2.568806
Epoch 00099 | Loss 0.1273 | Accuracy 0.9625 | Time : 0.7357 | Loop_Time : 0.0887 | Model_Time : 0.6470 | x_y_time : 0.0002 | pred_time : 0.2996 | backward_time : 0.2971 | optim_time : 0.0112 
Sampling time: 8.8962, Model training time: 65.1187, Total time 74.0209
Test Accuracy 0.9635
Data copied successfully!

last_spmm_time: 12.634319 , last_cuda_sampling_time: 1.561647
Epoch 00099 | Loss 0.1724 | Accuracy 0.9595 | Time : 0.4308 | Loop_Time : 0.0497 | Model_Time : 0.3810 | x_y_time : 0.0001 | pred_time : 0.1754 | backward_time : 0.1797 | optim_time : 0.0060 
Sampling time: 4.9124, Model training time: 38.4197, Total time 43.3370
Test Accuracy 0.9622
Data copied successfully!

last_spmm_time: 8.004119 , last_cuda_sampling_time: 0.942582
Epoch 00099 | Loss 0.2253 | Accuracy 0.9561 | Time : 0.2652 | Loop_Time : 0.0302 | Model_Time : 0.2349 | x_y_time : 0.0001 | pred_time : 0.1080 | backward_time : 0.1126 | optim_time : 0.0032 
Sampling time: 3.0976, Model training time: 24.2620, Total time 27.3639
Test Accuracy 0.9588
Data copied successfully!

last_spmm_time: 5.084956 , last_cuda_sampling_time: 0.632909
Epoch 00099 | Loss 0.3257 | Accuracy 0.9498 | Time : 0.1529 | Loop_Time : 0.0177 | Model_Time : 0.1352 | x_y_time : 0.0000 | pred_time : 0.0611 | backward_time : 0.0668 | optim_time : 0.0016 
Sampling time: 1.8089, Model training time: 14.3821, Total time 16.1951
Test Accuracy 0.9528
Data copied successfully!

last_spmm_time: 37.053848 , last_cuda_sampling_time: 8.031916
Epoch 00099 | Loss 0.1299 | Accuracy 0.9614 | Time : 2.7168 | Loop_Time : 0.4917 | Model_Time : 2.2249 | x_y_time : 0.0018 | pred_time : 0.9892 | backward_time : 0.9586 | optim_time : 0.1073 
Sampling time: 46.8120, Model training time: 221.5074, Total time 268.3369
Test Accuracy 0.9629
Data copied successfully!

last_spmm_time: 27.322363 , last_cuda_sampling_time: 5.568761
Epoch 00099 | Loss 0.1196 | Accuracy 0.9600 | Time : 1.6159 | Loop_Time : 0.2509 | Model_Time : 1.3648 | x_y_time : 0.0007 | pred_time : 0.6185 | backward_time : 0.5876 | optim_time : 0.0476 
Sampling time: 25.3158, Model training time: 136.9440, Total time 162.2708
Test Accuracy 0.9628
Data copied successfully!

last_spmm_time: 18.894016 , last_cuda_sampling_time: 3.641581
Epoch 00099 | Loss 0.1220 | Accuracy 0.9604 | Time : 0.9329 | Loop_Time : 0.1340 | Model_Time : 0.7989 | x_y_time : 0.0004 | pred_time : 0.3854 | backward_time : 0.3221 | optim_time : 0.0233 
Sampling time: 13.7252, Model training time: 83.3496, Total time 97.0826
Test Accuracy 0.9638
Data copied successfully!

last_spmm_time: 12.482233 , last_cuda_sampling_time: 2.256180
Epoch 00099 | Loss 0.1364 | Accuracy 0.9614 | Time : 0.5948 | Loop_Time : 0.0781 | Model_Time : 0.5167 | x_y_time : 0.0002 | pred_time : 0.2367 | backward_time : 0.2322 | optim_time : 0.0119 
Sampling time: 7.6590, Model training time: 52.0063, Total time 59.6710
Test Accuracy 0.9641
Data copied successfully!

last_spmm_time: 8.157446 , last_cuda_sampling_time: 1.400844
Epoch 00099 | Loss 0.1865 | Accuracy 0.9590 | Time : 0.3540 | Loop_Time : 0.0424 | Model_Time : 0.3116 | x_y_time : 0.0001 | pred_time : 0.1430 | backward_time : 0.1437 | optim_time : 0.0055 
Sampling time: 4.2579, Model training time: 31.5103, Total time 35.7733
Test Accuracy 0.9617
Data copied successfully!

last_spmm_time: 5.334970 , last_cuda_sampling_time: 0.879969
Epoch 00099 | Loss 0.2447 | Accuracy 0.9553 | Time : 0.2221 | Loop_Time : 0.0278 | Model_Time : 0.1944 | x_y_time : 0.0000 | pred_time : 0.0891 | backward_time : 0.0913 | optim_time : 0.0031 
Sampling time: 2.7740, Model training time: 20.2527, Total time 23.0311
Test Accuracy 0.9591
Data copied successfully!

last_spmm_time: 3.501163 , last_cuda_sampling_time: 0.600767
Epoch 00099 | Loss 0.3372 | Accuracy 0.9476 | Time : 0.1321 | Loop_Time : 0.0166 | Model_Time : 0.1154 | x_y_time : 0.0000 | pred_time : 0.0517 | backward_time : 0.0563 | optim_time : 0.0016 
Sampling time: 1.6268, Model training time: 12.3737, Total time 14.0044
Test Accuracy 0.9520
Data copied successfully!
