
last_spmm_time: 2.295954 , last_cuda_sampling_time: 0.350258
Epoch 00099 | Loss 1.2807 | Accuracy 0.6223 | Time : 0.8580 | Loop_Time : 0.2523 | Model_Time : 0.6055 | x_y_time : 0.0011 | pred_time : 0.2244 | backward_time : 0.3052 | optim_time : 0.0668 
Sampling time: 25.6354, Model training time: 62.0501, Total time 87.6998
Test Accuracy 0.5688
Data copied successfully!

last_spmm_time: 1.515651 , last_cuda_sampling_time: 0.231223
Epoch 00099 | Loss 1.2879 | Accuracy 0.6187 | Time : 0.4291 | Loop_Time : 0.1208 | Model_Time : 0.3082 | x_y_time : 0.0005 | pred_time : 0.1122 | backward_time : 0.1592 | optim_time : 0.0323 
Sampling time: 11.8442, Model training time: 30.3467, Total time 42.2001
Test Accuracy 0.5572
Data copied successfully!

last_spmm_time: 1.045329 , last_cuda_sampling_time: 0.161947
Epoch 00099 | Loss 1.3035 | Accuracy 0.6196 | Time : 0.2116 | Loop_Time : 0.0553 | Model_Time : 0.1562 | x_y_time : 0.0002 | pred_time : 0.0595 | backward_time : 0.0799 | optim_time : 0.0146 
Sampling time: 5.6292, Model training time: 16.5358, Total time 22.1716
Test Accuracy 0.5579
Data copied successfully!

last_spmm_time: 0.767131 , last_cuda_sampling_time: 0.119645
Epoch 00099 | Loss 1.3365 | Accuracy 0.6149 | Time : 0.1132 | Loop_Time : 0.0272 | Model_Time : 0.0859 | x_y_time : 0.0001 | pred_time : 0.0357 | backward_time : 0.0412 | optim_time : 0.0064 
Sampling time: 2.8083, Model training time: 9.5097, Total time 12.3232
Test Accuracy 0.5546
Data copied successfully!

last_spmm_time: 0.566750 , last_cuda_sampling_time: 0.089471
Epoch 00099 | Loss 1.3908 | Accuracy 0.6104 | Time : 0.0789 | Loop_Time : 0.0207 | Model_Time : 0.0582 | x_y_time : 0.0001 | pred_time : 0.0267 | backward_time : 0.0247 | optim_time : 0.0048 
Sampling time: 1.5272, Model training time: 6.4493, Total time 7.9811
Test Accuracy 0.5511
Data copied successfully!

last_spmm_time: 0.413380 , last_cuda_sampling_time: 0.066352
Epoch 00099 | Loss 1.5286 | Accuracy 0.5952 | Time : 0.0462 | Loop_Time : 0.0085 | Model_Time : 0.0377 | x_y_time : 0.0000 | pred_time : 0.0167 | backward_time : 0.0160 | optim_time : 0.0018 
Sampling time: 0.8712, Model training time: 4.6666, Total time 5.5423
Test Accuracy 0.5370
Data copied successfully!

last_spmm_time: 0.302911 , last_cuda_sampling_time: 0.052780
Epoch 00099 | Loss 1.7250 | Accuracy 0.5749 | Time : 0.0315 | Loop_Time : 0.0056 | Model_Time : 0.0258 | x_y_time : 0.0000 | pred_time : 0.0112 | backward_time : 0.0113 | optim_time : 0.0008 
Sampling time: 0.5421, Model training time: 3.4631, Total time 4.0097
Test Accuracy 0.5178
Data copied successfully!

last_spmm_time: 2.023670 , last_cuda_sampling_time: 0.322737
Epoch 00099 | Loss 1.2789 | Accuracy 0.6181 | Time : 0.8622 | Loop_Time : 0.2540 | Model_Time : 0.6081 | x_y_time : 0.0011 | pred_time : 0.2243 | backward_time : 0.3083 | optim_time : 0.0663 
Sampling time: 25.0747, Model training time: 59.0206, Total time 84.1093
Test Accuracy 0.5586
Data copied successfully!

last_spmm_time: 1.341831 , last_cuda_sampling_time: 0.208603
Epoch 00099 | Loss 1.2950 | Accuracy 0.6219 | Time : 0.4198 | Loop_Time : 0.1190 | Model_Time : 0.3006 | x_y_time : 0.0005 | pred_time : 0.1084 | backward_time : 0.1556 | optim_time : 0.0323 
Sampling time: 12.0007, Model training time: 31.3303, Total time 43.3405
Test Accuracy 0.5583
Data copied successfully!

last_spmm_time: 0.899436 , last_cuda_sampling_time: 0.146672
Epoch 00099 | Loss 1.3044 | Accuracy 0.6185 | Time : 0.2083 | Loop_Time : 0.0547 | Model_Time : 0.1535 | x_y_time : 0.0002 | pred_time : 0.0566 | backward_time : 0.0801 | optim_time : 0.0146 
Sampling time: 5.6079, Model training time: 16.3253, Total time 21.9400
Test Accuracy 0.5588
Data copied successfully!

last_spmm_time: 0.641901 , last_cuda_sampling_time: 0.106204
Epoch 00099 | Loss 1.3415 | Accuracy 0.6149 | Time : 0.1089 | Loop_Time : 0.0274 | Model_Time : 0.0814 | x_y_time : 0.0001 | pred_time : 0.0331 | backward_time : 0.0406 | optim_time : 0.0064 
Sampling time: 2.7950, Model training time: 8.9929, Total time 11.7931
Test Accuracy 0.5560
Data copied successfully!

last_spmm_time: 0.482660 , last_cuda_sampling_time: 0.082258
Epoch 00099 | Loss 1.4054 | Accuracy 0.6099 | Time : 0.0668 | Loop_Time : 0.0148 | Model_Time : 0.0519 | x_y_time : 0.0001 | pred_time : 0.0225 | backward_time : 0.0235 | optim_time : 0.0034 
Sampling time: 1.6143, Model training time: 6.1452, Total time 7.7645
Test Accuracy 0.5525
Data copied successfully!

last_spmm_time: 0.361062 , last_cuda_sampling_time: 0.062184
Epoch 00099 | Loss 1.5199 | Accuracy 0.5944 | Time : 0.0435 | Loop_Time : 0.0083 | Model_Time : 0.0352 | x_y_time : 0.0000 | pred_time : 0.0156 | backward_time : 0.0152 | optim_time : 0.0016 
Sampling time: 0.8518, Model training time: 4.3814, Total time 5.2376
Test Accuracy 0.5375
Data copied successfully!

last_spmm_time: 0.272287 , last_cuda_sampling_time: 0.050517
Epoch 00099 | Loss 1.7238 | Accuracy 0.5692 | Time : 0.0299 | Loop_Time : 0.0051 | Model_Time : 0.0247 | x_y_time : 0.0000 | pred_time : 0.0105 | backward_time : 0.0110 | optim_time : 0.0008 
Sampling time: 0.5163, Model training time: 3.3535, Total time 3.8740
Test Accuracy 0.5101
Data copied successfully!

last_spmm_time: 18.892731 , last_cuda_sampling_time: 2.266746
Epoch 00099 | Loss 0.3495 | Accuracy 0.9091 | Time : 2.0882 | Loop_Time : 0.5540 | Model_Time : 1.5340 | x_y_time : 0.0023 | pred_time : 0.6632 | backward_time : 0.7024 | optim_time : 0.1330 
Sampling time: 56.1464, Model training time: 154.6834, Total time 210.8517
Test Accuracy 0.7657
Data copied successfully!

last_spmm_time: 14.747337 , last_cuda_sampling_time: 1.606756
Epoch 00099 | Loss 0.3505 | Accuracy 0.9102 | Time : 1.1719 | Loop_Time : 0.2783 | Model_Time : 0.8934 | x_y_time : 0.0010 | pred_time : 0.4044 | backward_time : 0.3713 | optim_time : 0.0595 
Sampling time: 28.3090, Model training time: 89.6466, Total time 117.9684
Test Accuracy 0.7737
Data copied successfully!

last_spmm_time: 11.390906 , last_cuda_sampling_time: 1.128585
Epoch 00099 | Loss 0.3563 | Accuracy 0.9103 | Time : 0.7433 | Loop_Time : 0.1644 | Model_Time : 0.5787 | x_y_time : 0.0006 | pred_time : 0.2717 | backward_time : 0.2276 | optim_time : 0.0335 
Sampling time: 15.0038, Model training time: 57.2419, Total time 72.2543
Test Accuracy 0.7665
Data copied successfully!

last_spmm_time: 8.584791 , last_cuda_sampling_time: 0.775458
Epoch 00099 | Loss 0.3749 | Accuracy 0.9085 | Time : 0.4529 | Loop_Time : 0.0849 | Model_Time : 0.3680 | x_y_time : 0.0002 | pred_time : 0.1765 | backward_time : 0.1450 | optim_time : 0.0149 
Sampling time: 8.5568, Model training time: 36.9142, Total time 45.4776
Test Accuracy 0.7690
Data copied successfully!

last_spmm_time: 6.467045 , last_cuda_sampling_time: 0.549059
Epoch 00099 | Loss 0.4144 | Accuracy 0.9026 | Time : 0.3005 | Loop_Time : 0.0538 | Model_Time : 0.2465 | x_y_time : 0.0001 | pred_time : 0.1209 | backward_time : 0.0945 | optim_time : 0.0089 
Sampling time: 5.4071, Model training time: 25.2014, Total time 30.6145
Test Accuracy 0.7615
Data copied successfully!

last_spmm_time: 4.852043 , last_cuda_sampling_time: 0.395952
Epoch 00099 | Loss 0.4629 | Accuracy 0.8967 | Time : 0.2022 | Loop_Time : 0.0353 | Model_Time : 0.1669 | x_y_time : 0.0001 | pred_time : 0.0830 | backward_time : 0.0627 | optim_time : 0.0038 
Sampling time: 3.4876, Model training time: 17.4430, Total time 20.9359
Test Accuracy 0.7435
Data copied successfully!

last_spmm_time: 3.692822 , last_cuda_sampling_time: 0.290180
Epoch 00099 | Loss 0.5322 | Accuracy 0.8884 | Time : 0.1455 | Loop_Time : 0.0251 | Model_Time : 0.1203 | x_y_time : 0.0000 | pred_time : 0.0584 | backward_time : 0.0470 | optim_time : 0.0025 
Sampling time: 2.5719, Model training time: 12.7775, Total time 15.3545
Test Accuracy 0.7274
Data copied successfully!

last_spmm_time: 10.360003 , last_cuda_sampling_time: 1.414874
Epoch 00099 | Loss 0.3653 | Accuracy 0.9060 | Time : 1.9489 | Loop_Time : 0.5634 | Model_Time : 1.3853 | x_y_time : 0.0025 | pred_time : 0.5416 | backward_time : 0.6763 | optim_time : 0.1474 
Sampling time: 54.0590, Model training time: 130.8905, Total time 184.9725
Test Accuracy 0.7677
Data copied successfully!

last_spmm_time: 7.946969 , last_cuda_sampling_time: 0.Loading
Epoch 00099 | Loss 0.3626 | Accuracy 0.9078 | Time : 1.0148 | Loop_Time : 0.2809 | Model_Time : 0.7338 | x_y_time : 0.0011 | pred_time : 0.3058 | backward_time : 0.3483 | optim_time : 0.0684 
Sampling time: 28.0305, Model training time: 73.8197, Total time 101.8646
Test Accuracy 0.7652
Data copied successfully!

last_spmm_time: 6.038887 , last_cuda_sampling_time: 0.695967
Epoch 00099 | Loss 0.3721 | Accuracy 0.9081 | Time : 0.5519 | Loop_Time : 0.1343 | Model_Time : 0.4175 | x_y_time : 0.0005 | pred_time : 0.1796 | backward_time : 0.1880 | optim_time : 0.0321 
Sampling time: 13.4534, Model training time: 41.8701, Total time 55.3324
Test Accuracy 0.7611
Data copied successfully!

last_spmm_time: 4.610500 , last_cuda_sampling_time: 0.482261
Epoch 00099 | Loss 0.3954 | Accuracy 0.9037 | Time : 0.3312 | Loop_Time : 0.0687 | Model_Time : 0.2624 | x_y_time : 0.0002 | pred_time : 0.1153 | backward_time : 0.1145 | optim_time : 0.0145 
Sampling time: 7.0516, Model training time: 26.9780, Total time 34.0364
Test Accuracy 0.7575
Data copied successfully!

last_spmm_time: 3.545081 , last_cuda_sampling_time: 0.347041
Epoch 00099 | Loss 0.4416 | Accuracy 0.8997 | Time : 0.2104 | Loop_Time : 0.0407 | Model_Time : 0.1697 | x_y_time : 0.0001 | pred_time : 0.0777 | backward_time : 0.0729 | optim_time : 0.0075 
Sampling time: 4.1500, Model training time: 17.6855, Total time 21.8410
Test Accuracy 0.7513
Data copied successfully!

last_spmm_time: 2.746751 , last_cuda_sampling_time: 0.257263
Epoch 00099 | Loss 0.4920 | Accuracy 0.8922 | Time : 0.1408 | Loop_Time : 0.0253 | Model_Time : 0.1155 | x_y_time : 0.0001 | pred_time : 0.0535 | backward_time : 0.0485 | optim_time : 0.0042 
Sampling time: 2.6115, Model training time: 12.3224, Total time 14.9390
Test Accuracy 0.7361
Data copied successfully!

last_spmm_time: 2.169236 , last_cuda_sampling_time: 0.192923
Epoch 00099 | Loss 0.5755 | Accuracy 0.8857 | Time : 0.1020 | Loop_Time : 0.0178 | Model_Time : 0.0842 | x_y_time : 0.0000 | pred_time : 0.0378 | backward_time : 0.0367 | optim_time : 0.0025 
Sampling time: 1.8483, Model training time: 9.2819, Total time 11.1349
Test Accuracy 0.7268
Data copied successfully!

last_spmm_time: 284.219788 , last_cuda_sampling_time: 11.863267
Epoch 00099 | Loss 0.7521 | Accuracy 0.7387 | Time : 23.2064 | Loop_Time : 2.0556 | Model_Time : 21.1501 | x_y_time : 0.0058 | pred_time : 11.5922 | backward_time : 5.3980 | optim_time : 0.3640 
Sampling time: 204.7612, Model training time: 2112.1735, Total time 2316.9978
Test Accuracy 0.7421
Data copied successfully!

last_spmm_time: 245.792114 , last_cuda_sampling_time: 10.321858
Epoch 00099 | Loss 0.7445 | Accuracy 0.7451 | Time : 16.0769 | Loop_Time : 1.3400 | Model_Time : 14.7365 | x_y_time : 0.0029 | pred_time : 8.3776 | backward_time : 3.5718 | optim_time : 0.1947 
Sampling time: 133.2351, Model training time: 1499.8914, Total time 1633.1624
Test Accuracy 0.7489
Data copied successfully!

last_spmm_time: 200.620819 , last_cuda_sampling_time: 8.543837
Epoch 00099 | Loss 0.7375 | Accuracy 0.7455 | Time : 11.0919 | Loop_Time : 0.8626 | Model_Time : 10.2291 | x_y_time : 0.0015 | pred_time : 5.7691 | backward_time : 2.7807 | optim_time : 0.0987 
Sampling time: 86.5011, Model training time: 1035.9250, Total time 1122.4485
Test Accuracy 0.7492
Data copied successfully!

last_spmm_time: 152.850891 , last_cuda_sampling_time: 6.647638
Epoch 00099 | Loss 0.7320 | Accuracy 0.7464 | Time : 7.4189 | Loop_Time : 0.5923 | Model_Time : 6.8264 | x_y_time : 0.0008 | pred_time : 3.7827 | backward_time : 2.1045 | optim_time : 0.0485 
Sampling time: 59.4325, Model training time: 683.9593, Total time 743.4061
Test Accuracy 0.7512
Data copied successfully!

last_spmm_time: 107.884270 , last_cuda_sampling_time: 4.842992
Epoch 00099 | Loss 0.7272 | Accuracy 0.7485 | Time : 4.7088 | Loop_Time : 0.3834 | Model_Time : 4.3253 | x_y_time : 0.0004 | pred_time : 2.3650 | backward_time : 1.4555 | optim_time : 0.0251 
Sampling time: 38.2053, Model training time: 433.2709, Total time 471.4879
Test Accuracy 0.7518
Data copied successfully!

last_spmm_time: 70.939667 , last_cuda_sampling_time: 3.299144
Epoch 00099 | Loss 0.7275 | Accuracy 0.7484 | Time : 2.8919 | Loop_Time : 0.2575 | Model_Time : 2.6343 | x_y_time : 0.0002 | pred_time : 1.4178 | backward_time : 0.9602 | optim_time : 0.0125 
Sampling time: 25.8002, Model training time: 265.2913, Total time 291.1012
Test Accuracy 0.7521
Data copied successfully!

last_spmm_time: 45.690586 , last_cuda_sampling_time: 2.185285
Epoch 00099 | Loss 0.7340 | Accuracy 0.7475 | Time : 1.8089 | Loop_Time : 0.1676 | Model_Time : 1.6412 | x_y_time : 0.0001 | pred_time : 0.8694 | backward_time : 0.6335 | optim_time : 0.0067 
Sampling time: 16.8854, Model training time: 165.7761, Total time 182.6699
Test Accuracy 0.7508
Data copied successfully!

last_spmm_time: 141.329742 , last_cuda_sampling_time: 7.527459
Epoch 00099 | Loss 0.7545 | Accuracy 0.7419 | Time : 14.5657 | Loop_Time : 1.5986 | Model_Time : 12.9666 | x_y_time : 0.0056 | pred_time : 6.7671 | backward_time : 3.8375 | optim_time : 0.3518 
Sampling time: 161.7318, Model training time: 1291.9676, Total time 1453.7609
Test Accuracy 0.7463
Data copied successfully!

last_spmm_time: 125.815819 , last_cuda_sampling_time: 6.484031
Epoch 00099 | Loss 0.7449 | Accuracy 0.7442 | Time : 10.5918 | Loop_Time : 0.9858 | Model_Time : 9.6056 | x_y_time : 0.0029 | pred_time : 5.1993 | backward_time : 2.6486 | optim_time : 0.1876 
Sampling time: 97.4515, Model training time: 957.0350, Total time 1054.5212
Test Accuracy 0.7480
Data copied successfully!

last_spmm_time: 107.490150 , last_cuda_sampling_time: 5.591590
Epoch 00099 | Loss 0.7379 | Accuracy 0.7462 | Time : 7.5612 | Loop_Time : 0.5963 | Model_Time : 6.9647 | x_y_time : 0.0015 | pred_time : 3.8287 | backward_time : 1.9412 | optim_time : 0.0906 
Sampling time: 59.5719, Model training time: 698.4696, Total time 758.0624
Test Accuracy 0.7503
Data copied successfully!

last_spmm_time: 87.008774 , last_cuda_sampling_time: 4.565150
Epoch 00099 | Loss 0.7309 | Accuracy 0.7469 | Time : 5.3151 | Loop_Time : 0.3965 | Model_Time : 4.9184 | x_y_time : 0.0007 | pred_time : 2.7017 | backward_time : 1.4659 | optim_time : 0.0460 
Sampling time: 39.8577, Model training time: 490.8413, Total time 530.7120
Test Accuracy 0.7513
Data copied successfully!

last_spmm_time: 66.007736 , last_cuda_sampling_time: 3.522624
Epoch 00099 | Loss 0.7288 | Accuracy 0.7474 | Time : 3.5577 | Loop_Time : 0.2742 | Model_Time : 3.2835 | x_y_time : 0.0004 | pred_time : 1.8045 | backward_time : 1.0443 | optim_time : 0.0241 
Sampling time: 27.4583, Model training time: 329.3104, Total time 356.7797
Test Accuracy 0.7512
Data copied successfully!

last_spmm_time: 46.727119 , last_cuda_sampling_time: 2.572153
Epoch 00099 | Loss 0.7295 | Accuracy 0.7480 | Time : 2.2924 | Loop_Time : 0.1772 | Model_Time : 2.1150 | x_y_time : 0.0002 | pred_time : 1.1456 | backward_time : 0.7286 | optim_time : 0.0119 
Sampling time: 17.7042, Model training time: 212.1750, Total time 229.8881
Test Accuracy 0.7521
Data copied successfully!

last_spmm_time: 31.920078 , last_cuda_sampling_time: 1.803075
Epoch 00099 | Loss 0.7343 | Accuracy 0.7475 | Time : 1.4827 | Loop_Time : 0.1193 | Model_Time : 1.3633 | x_y_time : 0.0001 | pred_time : 0.7242 | backward_time : 0.5061 | optim_time : 0.0067 
Sampling time: 12.1056, Model training time: 137.7409, Total time 149.8543
Test Accuracy 0.7521
Data copied successfully!

last_spmm_time: 38.587727 , last_cuda_sampling_time: 1.829687
Epoch 00099 | Loss 0.1508 | Accuracy 0.9470 | Time : 2.6243 | Loop_Time : 0.4669 | Model_Time : 2.1572 | x_y_time : 0.0019 | pred_time : 0.9551 | backward_time : 0.9608 | optim_time : 0.1112 
Sampling time: 44.9409, Model training time: 215.4053, Total time 260.3660
Test Accuracy 0.9560
Data copied successfully!

last_spmm_time: 27.940310 , last_cuda_sampling_time: 1.293838
Epoch 00099 | Loss 0.1384 | Accuracy 0.9474 | Time : 1.5448 | Loop_Time : 0.2295 | Model_Time : 1.3151 | x_y_time : 0.0008 | pred_time : 0.6009 | backward_time : 0.5740 | optim_time : 0.0497 
Sampling time: 23.5259, Model training time: 132.2271, Total time 155.7654
Test Accuracy 0.9526
Data copied successfully!

last_spmm_time: 19.341413 , last_cuda_sampling_time: 0.882194
Epoch 00099 | Loss 0.1386 | Accuracy 0.9481 | Time : 0.9452 | Loop_Time : 0.1237 | Model_Time : 0.8214 | x_y_time : 0.0004 | pred_time : 0.3785 | backward_time : 0.3650 | optim_time : 0.0255 
Sampling time: 12.3244, Model training time: 82.3507, Total time 94.6839
Test Accuracy 0.9515
Data copied successfully!

last_spmm_time: 12.862709 , last_cuda_sampling_time: 0.576611
Epoch 00099 | Loss 0.1699 | Accuracy 0.9470 | Time : 0.5872 | Loop_Time : 0.0770 | Model_Time : 0.5100 | x_y_time : 0.0002 | pred_time : 0.2360 | backward_time : 0.2311 | optim_time : 0.0158 
Sampling time: 7.0561, Model training time: 50.7664, Total time 57.8293
Test Accuracy 0.9527
Data copied successfully!

last_spmm_time: 8.482620 , last_cuda_sampling_time: 0.379989
Epoch 00099 | Loss 0.2332 | Accuracy 0.9454 | Time : 0.3450 | Loop_Time : 0.0392 | Model_Time : 0.3057 | x_y_time : 0.0001 | pred_time : 0.1421 | backward_time : 0.1416 | optim_time : 0.0063 
Sampling time: 3.9416, Model training time: 30.9116, Total time 34.8593
Test Accuracy 0.9513
Data copied successfully!

last_spmm_time: 5.626952 , last_cuda_sampling_time: 0.251070
Epoch 00099 | Loss 0.3288 | Accuracy 0.9373 | Time : 0.2158 | Loop_Time : 0.0243 | Model_Time : 0.1915 | x_y_time : 0.0001 | pred_time : 0.0900 | backward_time : 0.0886 | optim_time : 0.0035 
Sampling time: 2.4959, Model training time: 19.9288, Total time 22.4304
Test Accuracy 0.9421
Data copied successfully!

last_spmm_time: 3.785464 , last_cuda_sampling_time: 0.175858
Epoch 00099 | Loss 0.4648 | Accuracy 0.9240 | Time : 0.1299 | Loop_Time : 0.0147 | Model_Time : 0.1151 | x_y_time : 0.0000 | pred_time : 0.0523 | backward_time : 0.0563 | optim_time : 0.0017 
Sampling time: 1.5384, Model training time: 12.3323, Total time 13.8764
Test Accuracy 0.9310
Data copied successfully!

last_spmm_time: 20.066620 , last_cuda_sampling_time: 1.186600
Epoch 00099 | Loss 0.1634 | Accuracy 0.9399 | Time : 2.1040 | Loop_Time : 0.4962 | Model_Time : 1.6076 | x_y_time : 0.0021 | pred_time : 0.6812 | backward_time : 0.7605 | optim_time : 0.1265 
Sampling time: 49.1777, Model training time: 161.0309, Total time 210.2313
Test Accuracy 0.9494
Data copied successfully!

last_spmm_time: 15.111920 , last_cuda_sampling_time: 0.861585
Epoch 00099 | Loss 0.1503 | Accuracy 0.9418 | Time : 1.1927 | Loop_Time : 0.2239 | Model_Time : 0.9687 | x_y_time : 0.0009 | pred_time : 0.4172 | backward_time : 0.4497 | optim_time : 0.0550 
Sampling time: 22.1458, Model training time: 95.4517, Total time 117.6105
Test Accuracy 0.9503
Data copied successfully!

last_spmm_time: 10.910840 , last_cuda_sampling_time: 0.614764
Epoch 00099 | Loss 0.1505 | Accuracy 0.9417 | Time : 0.7183 | Loop_Time : 0.1124 | Model_Time : 0.6058 | x_y_time : 0.0004 | pred_time : 0.2695 | backward_time : 0.2753 | optim_time : 0.0253 
Sampling time: 11.3591, Model training time: 60.3786, Total time 71.7468
Test Accuracy 0.9503
Data copied successfully!

last_spmm_time: 7.626692 , last_cuda_sampling_time: 0.421069
Epoch 00099 | Loss 0.1939 | Accuracy 0.9415 | Time : 0.4450 | Loop_Time : 0.0610 | Model_Time : 0.3839 | x_y_time : 0.0002 | pred_time : 0.1725 | backward_time : 0.1764 | optim_time : 0.0122 
Sampling time: 6.2181, Model training time: 38.4002, Total time 44.6253
Test Accuracy 0.9495
Data copied successfully!

last_spmm_time: 5.262754 , last_cuda_sampling_time: 0.290112
Epoch 00099 | Loss 0.2484 | Accuracy 0.9411 | Time : 0.2692 | Loop_Time : 0.0330 | Model_Time : 0.2362 | x_y_time : 0.0001 | pred_time : 0.1074 | backward_time : 0.1102 | optim_time : 0.0061 
Sampling time: 3.3860, Model training time: 24.0660, Total time 27.4579
Test Accuracy 0.9454
Data copied successfully!

last_spmm_time: 3.635936 , last_cuda_sampling_time: 0.201639
Epoch 00099 | Loss 0.3627 | Accuracy 0.9295 | Time : 0.1746 | Loop_Time : 0.0212 | Model_Time : 0.1533 | x_y_time : 0.0001 | pred_time : 0.0701 | backward_time : 0.0721 | optim_time : 0.0035 
Sampling time: 2.2172, Model training time: 16.0887, Total time 18.3114
Test Accuracy 0.9391
Data copied successfully!

last_spmm_time: 2.542267 , last_cuda_sampling_time: 0.145968
Epoch 00099 | Loss 0.5193 | Accuracy 0.9157 | Time : 0.1075 | Loop_Time : 0.0124 | Model_Time : 0.0950 | x_y_time : 0.0000 | pred_time : 0.0424 | backward_time : 0.0467 | optim_time : 0.0016 
Sampling time: 1.2927, Model training time: 10.3324, Total time 11.6305
Test Accuracy 0.9250
Data copied successfully!
