=========================================
Job Started
Job ID      : 2186
Node        : gpu2
Start Time  : Friday 05 June 2026 05:12:28 PM IST
=========================================
Python Path : /data/surendra/workspace/anaconda3/envs/dgl-centrality/bin/python
Conda Env   : dgl-centrality
CUDA Visible Devices : 0

=========================================
Running dataset: ogbn-arxiv
Start Time: Friday 05 June 2026 05:12:28 PM IST
=========================================
Calculating WEIGHTED Eigenvector Centrality for ogbn-arxiv.
Calculating edge weights using cosine similarity...
Did not converge within 100 iterations.

--- Execution Timings ---
Weight Calculation Time     : 1.2382 seconds
Eigenvector Calculation Time: 4.0773 seconds
Sorting Time                : 0.1470 seconds
File Save Time (binary)     : 0.9670 seconds
Overall Execution Time      : 6.9214 seconds (post-graph-loading)
-------------------------\n
✅ Weighted eigenvector centrality saved to dissimilarity-eigenvector-centrality/ogbn-arxiv_dissimilar_eigen-centrality.npy
✅ Sorted column-index saved to dissimilarity-eigenvector-centrality/ogbn-arxiv_dissimilar_eigen_sorted-col-index.npy
Finished dataset: ogbn-arxiv
End Time: Friday 05 June 2026 05:12:46 PM IST

=========================================
Running dataset: ogbn-products
Start Time: Friday 05 June 2026 05:12:46 PM IST
=========================================
Calculating WEIGHTED Eigenvector Centrality for ogbn-products.
Calculating edge weights using cosine similarity...
Converged after 47 iterations.

--- Execution Timings ---
Weight Calculation Time     : 1.2665 seconds
Eigenvector Calculation Time: 5.9058 seconds
Sorting Time                : 10.0739 seconds
File Save Time (binary)     : 86.4025 seconds
Overall Execution Time      : 104.0963 seconds (post-graph-loading)
-------------------------\n
✅ Weighted eigenvector centrality saved to dissimilarity-eigenvector-centrality/ogbn-products_dissimilar_eigen-centrality.npy
✅ Sorted column-index saved to dissimilarity-eigenvector-centrality/ogbn-products_dissimilar_eigen_sorted-col-index.npy
Finished dataset: ogbn-products
End Time: Friday 05 June 2026 05:14:36 PM IST

=========================================
Running dataset: reddit
Start Time: Friday 05 June 2026 05:14:36 PM IST
=========================================
Calculating WEIGHTED Eigenvector Centrality for reddit.
Calculating edge weights using cosine similarity...
Converged after 35 iterations.

--- Execution Timings ---
Weight Calculation Time     : 3.7577 seconds
Eigenvector Calculation Time: 0.1772 seconds
Sorting Time                : 20.2148 seconds
File Save Time (binary)     : 79.5331 seconds
Overall Execution Time      : 104.1205 seconds (post-graph-loading)
-------------------------\n
✅ Weighted eigenvector centrality saved to dissimilarity-eigenvector-centrality/reddit_dissimilar_eigen-centrality.npy
✅ Sorted column-index saved to dissimilarity-eigenvector-centrality/reddit_dissimilar_eigen_sorted-col-index.npy
Finished dataset: reddit
End Time: Friday 05 June 2026 05:16:31 PM IST

=========================================
Running dataset: igb-small
Start Time: Friday 05 June 2026 05:16:31 PM IST
=========================================
Calculating WEIGHTED Eigenvector Centrality for igb-small.
Calculating edge weights using cosine similarity...
Did not converge within 100 iterations.

--- Execution Timings ---
Weight Calculation Time     : 1.7639 seconds
Eigenvector Calculation Time: 0.6540 seconds
Sorting Time                : 0.0603 seconds
File Save Time (binary)     : 10.2869 seconds
Overall Execution Time      : 13.1194 seconds (post-graph-loading)
-------------------------\n
✅ Weighted eigenvector centrality saved to dissimilarity-eigenvector-centrality/igb-small_dissimilar_eigen-centrality.npy
✅ Sorted column-index saved to dissimilarity-eigenvector-centrality/igb-small_dissimilar_eigen_sorted-col-index.npy
Finished dataset: igb-small
End Time: Friday 05 June 2026 05:17:27 PM IST

=========================================
Running dataset: yelp
Start Time: Friday 05 June 2026 05:17:27 PM IST
=========================================
Calculating WEIGHTED Eigenvector Centrality for yelp.
Calculating edge weights using cosine similarity...
Converged after 47 iterations.

--- Execution Timings ---
Weight Calculation Time     : 1.0056 seconds
Eigenvector Calculation Time: 0.1581 seconds
Sorting Time                : 0.6449 seconds
File Save Time (binary)     : 10.3388 seconds
Overall Execution Time      : 12.4189 seconds (post-graph-loading)
-------------------------\n
✅ Weighted eigenvector centrality saved to dissimilarity-eigenvector-centrality/yelp_dissimilar_eigen-centrality.npy
✅ Sorted column-index saved to dissimilarity-eigenvector-centrality/yelp_dissimilar_eigen_sorted-col-index.npy
Finished dataset: yelp
End Time: Friday 05 June 2026 05:17:57 PM IST

=========================================
All jobs completed
Finish Time : Friday 05 June 2026 05:17:57 PM IST
=========================================
